Using pre-set license
Built from '2021.3/staging' branch; Version is '2021.3.24f1 (cf10dcf7010d) revision 13570268'; Using compiler version '192829333'; Build Type 'Release'
OS: 'Windows 11  (10.0.26200) 64bit CoreSingleLanguage' Language: 'en' Physical Memory: 16070 MB
BatchMode: 1, IsHumanControllingUs: 0, StartBugReporterOnCrash: 0, Is64bit: 1, IsPro: 1

COMMAND LINE ARGUMENTS:
C:\Program Files\Unity\Hub\Editor\2021.3.24f1\Editor\Unity.exe
-adb2
-batchMode
-noUpm
-name
AssetImportWorker1
-projectPath
D:/PCV/Unity
-logFile
Logs/AssetImportWorker1.log
-srvPort
54064
Successfully changed project path to: D:/PCV/Unity
D:/PCV/Unity
[UnityMemory] Configuration Parameters - Can be set up in boot.config
    "memorysetup-bucket-allocator-granularity=16"
    "memorysetup-bucket-allocator-bucket-count=8"
    "memorysetup-bucket-allocator-block-size=33554432"
    "memorysetup-bucket-allocator-block-count=8"
    "memorysetup-main-allocator-block-size=16777216"
    "memorysetup-thread-allocator-block-size=16777216"
    "memorysetup-gfx-main-allocator-block-size=16777216"
    "memorysetup-gfx-thread-allocator-block-size=16777216"
    "memorysetup-cache-allocator-block-size=4194304"
    "memorysetup-typetree-allocator-block-size=2097152"
    "memorysetup-profiler-bucket-allocator-granularity=16"
    "memorysetup-profiler-bucket-allocator-bucket-count=8"
    "memorysetup-profiler-bucket-allocator-block-size=33554432"
    "memorysetup-profiler-bucket-allocator-block-count=8"
    "memorysetup-profiler-allocator-block-size=16777216"
    "memorysetup-profiler-editor-allocator-block-size=1048576"
    "memorysetup-temp-allocator-size-main=16777216"
    "memorysetup-job-temp-allocator-block-size=2097152"
    "memorysetup-job-temp-allocator-block-size-background=1048576"
    "memorysetup-job-temp-allocator-reduction-small-platforms=262144"
    "memorysetup-temp-allocator-size-background-worker=32768"
    "memorysetup-temp-allocator-size-job-worker=262144"
    "memorysetup-temp-allocator-size-preload-manager=33554432"
    "memorysetup-temp-allocator-size-nav-mesh-worker=65536"
    "memorysetup-temp-allocator-size-audio-worker=65536"
    "memorysetup-temp-allocator-size-cloud-worker=32768"
    "memorysetup-temp-allocator-size-gi-baking-worker=262144"
    "memorysetup-temp-allocator-size-gfx=262144"
Player connection [33156] Host "[IP] 192.168.1.98 [Port] 0 [Flags] 2 [Guid] 3330668438 [EditorId] 3330668438 [Version] 1048832 [Id] WindowsEditor(7,LAPTOP-NFHRVO3R) [Debug] 1 [PackageName] WindowsEditor [ProjectName] Editor" joined multi-casting on [225.0.0.222:54997]...

Player connection [33156] Host "[IP] 192.168.1.98 [Port] 0 [Flags] 2 [Guid] 3330668438 [EditorId] 3330668438 [Version] 1048832 [Id] WindowsEditor(7,LAPTOP-NFHRVO3R) [Debug] 1 [PackageName] WindowsEditor [ProjectName] Editor" joined alternative multi-casting on [225.0.0.222:34997]...

Refreshing native plugins compatible for Editor in 284.09 ms, found 3 plugins.
Preloading 0 native plugins for Editor in 0.00 ms.
Initialize engine version: 2021.3.24f1 (cf10dcf7010d)
[Subsystems] Discovering subsystems at path C:/Program Files/Unity/Hub/Editor/2021.3.24f1/Editor/Data/Resources/UnitySubsystems
[Subsystems] Discovering subsystems at path D:/PCV/Unity/Assets
GfxDevice: creating device client; threaded=0; jobified=0
Direct3D:
    Version:  Direct3D 11.0 [level 11.1]
    Renderer: NVIDIA GeForce RTX 4060 Laptop GPU (ID=0x28a0)
    Vendor:   NVIDIA
    VRAM:     7957 MB
    Driver:   31.0.15.5222
Initialize mono
Mono path[0] = 'C:/Program Files/Unity/Hub/Editor/2021.3.24f1/Editor/Data/Managed'
Mono path[1] = 'C:/Program Files/Unity/Hub/Editor/2021.3.24f1/Editor/Data/MonoBleedingEdge/lib/mono/unityjit-win32'
Mono config path = 'C:/Program Files/Unity/Hub/Editor/2021.3.24f1/Editor/Data/MonoBleedingEdge/etc'
Using monoOptions --debugger-agent=transport=dt_socket,embedding=1,server=y,suspend=n,address=127.0.0.1:56516
Begin MonoManager ReloadAssembly
Registering precompiled unity dll's ...
Register platform support module: C:/Program Files/Unity/Hub/Editor/2021.3.24f1/Editor/Data/PlaybackEngines/WebGLSupport/UnityEditor.WebGL.Extensions.dll
Register platform support module: C:/Program Files/Unity/Hub/Editor/2021.3.24f1/Editor/Data/PlaybackEngines/AndroidPlayer/UnityEditor.Android.Extensions.dll
Register platform support module: C:/Program Files/Unity/Hub/Editor/2021.3.24f1/Editor/Data/PlaybackEngines/WindowsStandaloneSupport/UnityEditor.WindowsStandalone.Extensions.dll
Register platform support module: C:/Program Files/Unity/Hub/Editor/2021.3.24f1/Editor/Data/PlaybackEngines/MetroSupport/UnityEditor.UWP.Extensions.dll
Registered in 0.019390 seconds.
Native extension for UWP target not found
Native extension for WindowsStandalone target not found
Native extension for Android target not found
Android Extension - Scanning For ADB Devices 1125 ms
Native extension for WebGL target not found
Refreshing native plugins compatible for Editor in 130.06 ms, found 3 plugins.
Preloading 0 native plugins for Editor in 0.00 ms.
Mono: successfully reloaded assembly
- Completed reload, in  2.473 seconds
Domain Reload Profiling:
	ReloadAssembly (2474ms)
		BeginReloadAssembly (201ms)
			ExecutionOrderSort (0ms)
			DisableScriptedObjects (0ms)
			BackupInstance (0ms)
			ReleaseScriptingObjects (0ms)
			CreateAndSetChildDomain (1ms)
		EndReloadAssembly (2074ms)
			LoadAssemblies (199ms)
			RebuildTransferFunctionScriptingTraits (0ms)
			SetupTypeCache (253ms)
			ReleaseScriptCaches (0ms)
			RebuildScriptCaches (69ms)
			SetupLoadedEditorAssemblies (1636ms)
				LogAssemblyErrors (0ms)
				InitializePlatformSupportModulesInManaged (1256ms)
				SetLoadedEditorAssemblies (0ms)
				RefreshPlugins (130ms)
				BeforeProcessingInitializeOnLoad (2ms)
				ProcessInitializeOnLoadAttributes (167ms)
				ProcessInitializeOnLoadMethodAttributes (81ms)
				AfterProcessingInitializeOnLoad (0ms)
				EditorAssembliesLoaded (0ms)
			ExecutionOrderSort2 (0ms)
			AwakeInstancesAfterBackupRestoration (0ms)
Platform modules already initialized, skipping
Registering precompiled user dll's ...
Registered in 0.013022 seconds.
Begin MonoManager ReloadAssembly
Symbol file LoadedFromMemory doesn't match image D:\PCV\Unity\Library\PackageCache\com.unity.visualscripting@1.8.0\Editor\VisualScripting.Core\Dependencies\YamlDotNet\Unity.VisualScripting.YamlDotNet.dll
Symbol file LoadedFromMemory doesn't match image D:\PCV\Unity\Library\PackageCache\com.unity.visualscripting@1.8.0\Editor\VisualScripting.Core\Dependencies\DotNetZip\Unity.VisualScripting.IonicZip.dll
Native extension for UWP target not found
Native extension for WindowsStandalone target not found
Native extension for Android target not found
Native extension for WebGL target not found
Refreshing native plugins compatible for Editor in 0.72 ms, found 3 plugins.
Preloading 0 native plugins for Editor in 0.00 ms.
Mono: successfully reloaded assembly
- Completed reload, in  2.422 seconds
Domain Reload Profiling:
	ReloadAssembly (2423ms)
		BeginReloadAssembly (263ms)
			ExecutionOrderSort (0ms)
			DisableScriptedObjects (9ms)
			BackupInstance (0ms)
			ReleaseScriptingObjects (0ms)
			CreateAndSetChildDomain (34ms)
		EndReloadAssembly (1910ms)
			LoadAssemblies (264ms)
			RebuildTransferFunctionScriptingTraits (0ms)
			SetupTypeCache (501ms)
			ReleaseScriptCaches (1ms)
			RebuildScriptCaches (102ms)
			SetupLoadedEditorAssemblies (1039ms)
				LogAssemblyErrors (0ms)
				InitializePlatformSupportModulesInManaged (40ms)
				SetLoadedEditorAssemblies (1ms)
				RefreshPlugins (1ms)
				BeforeProcessingInitializeOnLoad (130ms)
				ProcessInitializeOnLoadAttributes (817ms)
				ProcessInitializeOnLoadMethodAttributes (30ms)
				AfterProcessingInitializeOnLoad (20ms)
				EditorAssembliesLoaded (0ms)
			ExecutionOrderSort2 (0ms)
			AwakeInstancesAfterBackupRestoration (12ms)
Platform modules already initialized, skipping
========================================================================
Worker process is ready to serve import requests
Launched and connected shader compiler UnityShaderCompiler.exe after 0.14 seconds
Refreshing native plugins compatible for Editor in 0.71 ms, found 3 plugins.
Preloading 0 native plugins for Editor in 0.00 ms.
Unloading 3296 Unused Serialized files (Serialized files now loaded: 0)
Unloading 22 unused Assets / (56.6 KB). Loaded Objects now: 3762.
Memory consumption went from 120.0 MB to 119.9 MB.
Total: 4.769500 ms (FindLiveObjects: 0.335300 ms CreateObjectMapping: 0.237900 ms MarkObjects: 4.084600 ms  DeleteObjects: 0.110300 ms)

AssetImportParameters requested are different than current active one (requested -> active):
  custom:video-decoder-ogg-theora: a1e56fd34408186e4bbccfd4996cb3dc -> 
  custom:container-muxer-webm: aa71ff27fc2769a1b78a27578f13a17b -> 
  custom:container-demuxer-webm: 4f35f7cbe854078d1ac9338744f61a02 -> 
  custom:video-encoder-webm-vp8: eb34c28f22e8b96e1ab97ce403110664 -> 
  custom:audio-encoder-webm-vorbis: bf7c407c2cedff20999df2af8eb42d56 -> 
  custom:framework-win-MediaFoundation: 216162199b28c13a410421893ffa2e32 -> 
  custom:container-demuxer-ogg: 62fdf1f143b41e24485cea50d1cbac27 -> 
  custom:video-decoder-webm-vp8: 9c59270c3fd7afecdb556c50c9e8de78 -> 
  custom:audio-decoder-ogg-vorbis: bf7c407c2cedff20999df2af8eb42d56 -> 
========================================================================
Received Import Request.
  Time since last request: 194412.290696 seconds.
  path: Assets/SantaClaus(Clone)708922fb6bab00e41a5cc4165f447609.asset
  artifactKey: Guid(1c4e40f1bbada8e419bb329d096ad99d) Importer(815301076,1909f56bfc062723c751e8b465ee728b)
Start importing Assets/SantaClaus(Clone)708922fb6bab00e41a5cc4165f447609.asset using Guid(1c4e40f1bbada8e419bb329d096ad99d) Importer(815301076,1909f56bfc062723c751e8b465ee728b)  -> (artifact id: 'a3e355fce84234658309dc500cb69f61') in 0.095703 seconds 
========================================================================
Received Import Request.
  Time since last request: 3438.630033 seconds.
  path: Assets/Materials/landmark.mat
  artifactKey: Guid(4c218fb8328a00f48a4c75e0769503f7) Importer(815301076,1909f56bfc062723c751e8b465ee728b)
Start importing Assets/Materials/landmark.mat using Guid(4c218fb8328a00f48a4c75e0769503f7) Importer(815301076,1909f56bfc062723c751e8b465ee728b)  -> (artifact id: '883f2c0c1ff65b5cc622ff80f72511cb') in 0.366583 seconds 
========================================================================
Received Import Request.
  Time since last request: 0.000052 seconds.
  path: Assets/Materials/White.mat
  artifactKey: Guid(67105284fc5008f4aa7b6019b03bad13) Importer(815301076,1909f56bfc062723c751e8b465ee728b)
Start importing Assets/Materials/White.mat using Guid(67105284fc5008f4aa7b6019b03bad13) Importer(815301076,1909f56bfc062723c751e8b465ee728b)  -> (artifact id: '624a29d9053d2e3e2a6c2b367cd8c13b') in 0.217407 seconds 
========================================================================
Received Import Request.
  Time since last request: 0.000051 seconds.
  path: Assets/Materials/metallic.mat
  artifactKey: Guid(86366947ea80a1f4ebcd2ce8c0d38b89) Importer(815301076,1909f56bfc062723c751e8b465ee728b)
Start importing Assets/Materials/metallic.mat using Guid(86366947ea80a1f4ebcd2ce8c0d38b89) Importer(815301076,1909f56bfc062723c751e8b465ee728b)  -> (artifact id: 'cf01b2184342cd11b7687c3ad695a256') in 0.024139 seconds 
========================================================================
Received Import Request.
  Time since last request: 0.000051 seconds.
  path: Assets/Materials/New Material 1.mat
  artifactKey: Guid(7da63296c7fc0dc4886345e842ce96f0) Importer(815301076,1909f56bfc062723c751e8b465ee728b)
Start importing Assets/Materials/New Material 1.mat using Guid(7da63296c7fc0dc4886345e842ce96f0) Importer(815301076,1909f56bfc062723c751e8b465ee728b)  -> (artifact id: '7ee12fe7539ad72fd13dbd18a48c6fc0') in 0.025382 seconds 
========================================================================
Received Import Request.
  Time since last request: 0.000053 seconds.
  path: Assets/Materials/red.mat
  artifactKey: Guid(d378530e96f94f7419b9e26538dc2273) Importer(815301076,1909f56bfc062723c751e8b465ee728b)
Start importing Assets/Materials/red.mat using Guid(d378530e96f94f7419b9e26538dc2273) Importer(815301076,1909f56bfc062723c751e8b465ee728b)  -> (artifact id: 'ed9a806277c35d7350ea0a0133125bee') in 0.023084 seconds 
========================================================================
Received Import Request.
  Time since last request: 0.185440 seconds.
  path: Assets/PNG/Grass_04.png
  artifactKey: Guid(9cd9ac16c321b044aa1b65c981b81e83) Importer(815301076,1909f56bfc062723c751e8b465ee728b)
Start importing Assets/PNG/Grass_04.png using Guid(9cd9ac16c321b044aa1b65c981b81e83) Importer(815301076,1909f56bfc062723c751e8b465ee728b)  -> (artifact id: 'b869006630133b0413b6101e5446125e') in 0.065143 seconds 
========================================================================
Received Import Request.
  Time since last request: 0.000034 seconds.
  path: Assets/PNG/Grass_04_Nrm.png
  artifactKey: Guid(7b8c8d79fd9e2b14db9557e2212e207e) Importer(815301076,1909f56bfc062723c751e8b465ee728b)
Start importing Assets/PNG/Grass_04_Nrm.png using Guid(7b8c8d79fd9e2b14db9557e2212e207e) Importer(815301076,1909f56bfc062723c751e8b465ee728b)  -> (artifact id: '0da74e194a49abfdc8a093a286be623b') in 0.036845 seconds 
========================================================================
Received Import Request.
  Time since last request: 0.000038 seconds.
  path: Assets/PNG/vig.png
  artifactKey: Guid(2b524b2e71371994c8f4b0ef66213905) Importer(815301076,1909f56bfc062723c751e8b465ee728b)
Start importing Assets/PNG/vig.png using Guid(2b524b2e71371994c8f4b0ef66213905) Importer(815301076,1909f56bfc062723c751e8b465ee728b)  -> (artifact id: '12d32a5b8d67aa1f2ac1ca3a722bcaf6') in 0.052730 seconds 
========================================================================
Received Import Request.
  Time since last request: 2.391241 seconds.
  path: Assets/3D/Cube (1).prefab
  artifactKey: Guid(fd089d0f3683f1441a3c6b9f7e955f4a) Importer(815301076,1909f56bfc062723c751e8b465ee728b)
Start importing Assets/3D/Cube (1).prefab using Guid(fd089d0f3683f1441a3c6b9f7e955f4a) Importer(815301076,1909f56bfc062723c751e8b465ee728b)  -> (artifact id: '422377d0bb592d8c42a895a60a6d9b04') in 0.049234 seconds 
========================================================================
Received Import Request.
  Time since last request: 0.000033 seconds.
  path: Assets/3D/Landmark.prefab
  artifactKey: Guid(2d7c9010dd98a2c4ea18ff18d4704668) Importer(815301076,1909f56bfc062723c751e8b465ee728b)
Start importing Assets/3D/Landmark.prefab using Guid(2d7c9010dd98a2c4ea18ff18d4704668) Importer(815301076,1909f56bfc062723c751e8b465ee728b)  -> (artifact id: '8b0daf10716b388d87dff037bd25c37d') in 0.021926 seconds 
========================================================================
Received Import Request.
  Time since last request: 0.000039 seconds.
  path: Assets/3D/head.prefab
  artifactKey: Guid(dd948a2582b6d7745bc83791cb1fa0bd) Importer(815301076,1909f56bfc062723c751e8b465ee728b)
Start importing Assets/3D/head.prefab using Guid(dd948a2582b6d7745bc83791cb1fa0bd) Importer(815301076,1909f56bfc062723c751e8b465ee728b)  -> (artifact id: 'c268a1b502695513fd26e4ae840ebcf1') in 0.027747 seconds 
========================================================================
Received Import Request.
  Time since last request: 0.000049 seconds.
  path: Assets/3D/Line.prefab
  artifactKey: Guid(a26721b39f9a2544f8af1b49c82107d5) Importer(815301076,1909f56bfc062723c751e8b465ee728b)
Start importing Assets/3D/Line.prefab using Guid(a26721b39f9a2544f8af1b49c82107d5) Importer(815301076,1909f56bfc062723c751e8b465ee728b)  -> (artifact id: '173fab05d6f07bd5853baa13643f75e9') in 0.073404 seconds 
Editor requested this worker to shutdown with reason: Scaling down because of idle timeout
AssetImportWorkerClient::OnTransportError - code=2 error=End of file
AssetImportWorker is now disconnected from the server
Process exiting
Exiting without the bug reporter. Application will terminate with return code 0